[    5720ms] [ERROR] Failed to load resource: net::ERR_CONNECTION_REFUSED @ https://tpc.googlesyndication.com/simgad/12863586450628107070?sqp=-oaymwEKCCAQICABUAFYAQ&rs=AOga4qnQl8Q5Wz-Rmy9zX9JozetC--MCtQ:0
[    6048ms] [ERROR] Failed to load resource: net::ERR_CONNECTION_REFUSED @ https://www.googleadservices.com/pagead/conversion/16521530460/?gad_source=1&adview_type=1&adview_query_id=CMKKu9rNnJQDFTmCgwcdCocs5Q:0
[    6049ms] [ERROR] Failed to load resource: net::ERR_CONNECTION_REFUSED @ https://www.googletagmanager.com/gtag/js?id=AW-16521530460&preconnect=1&type=7&qid=CMKKu9rNnJQDFTmCgwcdCocs5Q:0
[    6049ms] [ERROR] Failed to load resource: net::ERR_CONNECTION_REFUSED @ https://www.googletagmanager.com/gtm.js?id=GTM-16521530460&preconnect=1&type=8&qid=CMKKu9rNnJQDFTmCgwcdCocs5Q:0
[    7813ms] [ERROR] Failed to load resource: net::ERR_CONNECTION_REFUSED @ https://tpc.googlesyndication.com/simgad/12863586450628107070?sqp=-oaymwEKCCAQICABUAFYAQ&rs=AOga4qnQl8Q5Wz-Rmy9zX9JozetC--MCtQ:0
[    7813ms] [ERROR] Failed to load resource: net::ERR_CONNECTION_REFUSED @ https://tpc.googlesyndication.com/simgad/12268541887314500869:0
[    8503ms] [ERROR] Failed to load resource: net::ERR_CONNECTION_REFUSED @ https://pagead2.googlesyndication.com/bg/gpkEDgqZx4iNZ0p2MA6-H38uLA_cgYcFGoi50JrMJmk.js:0
[    9912ms] [ERROR] Failed to load resource: net::ERR_CONNECTION_REFUSED @ https://www.googleadservices.com/pagead/conversion/16521530460/?gad_source=1&adview_type=3&adview_gclid=EAIaIQobChMIwoq72s2clAMVOYKDBx0KhyzlEAAYASAAEgLcT_D_BwE:0
[   10053ms] [LOG] PixelYourSite PRO version 12.4.0.3 @ https://www.panesgiaolous.gr/?gad_source=1&gad_campaignid=18471441335&gbraid=0AAAAADAjqqLWQbFxmF13JE53g69Egci28&gclid=EAIaIQobChMIwoq72s2clAMVOYKDBx0KhyzlEAAYASAAEgLcT_D_BwE:37
[   10348ms] [INFO] [@simplerso/web-sdk] 1.40.1 @ https://cdn.simpler.so/sdk/woo/simpler-checkout.js?ts=1777793723:967
[   10585ms] [ERROR] Failed to load resource: net::ERR_CONNECTION_REFUSED @ https://skroutza.skroutz.gr/skroutza.min.js:0
[   11718ms] [ERROR] Failed to load resource: net::ERR_CONNECTION_REFUSED @ https://www.googletagmanager.com/gtag/js?id=G-FCS5E8XJV1&l=dataLayerPYS:0
[   20664ms] [ERROR] Failed to load resource: net::ERR_CONNECTION_REFUSED @ https://analytics.tiktok.com/i18n/pixel/events.js?sdkid=CL59DCRC77U2BTVQT840&lib=ttq:0
[   59352ms] [ERROR] Failed to load resource: net::ERR_CONNECTION_REFUSED @ https://skroutza.skroutz.gr/skroutza.min.js:0
[  102710ms] [ERROR] Failed to load resource: net::ERR_CONNECTION_REFUSED @ https://stats.wp.com/w.js?ver=202618:0
[  104067ms] [LOG] JQMIGRATE: Migrate is installed, version 3.4.1 @ https://www.panesgiaolous.gr/wp-includes/js/jquery/jquery-migrate.min.js?ver=3.4.1:1
[  104500ms] [WARNING] Email input element not found. @ https://www.panesgiaolous.gr/wp-admin/:1758
[  104818ms] [LOG] chart data updated:  {labels: Array(7), datasets: Array(1)} @ https://www.panesgiaolous.gr/wp-content/plugins/post-smtp/Postman/Postman-Controller/assets/js/post-smtp-wp-dashboard.js?ver=3.9.1:160
[  142120ms] [ERROR] Failed to load resource: net::ERR_CONNECTION_REFUSED @ https://stats.wp.com/w.js?ver=202618:0
[  142127ms] [LOG] JQMIGRATE: Migrate is installed, version 3.4.1 @ https://www.panesgiaolous.gr/wp-includes/js/jquery/jquery-migrate.min.js?ver=3.4.1:1
[  142186ms] [ERROR] Failed to load resource: net::ERR_CONNECTION_REFUSED @ https://pixel.wp.com/t.gif?coming_soon=no&_en=wcadmin_appearance_theme_view&_ts=1777793858628&_via_ua=Mozilla%2F5.0+%28Macintosh%3B+Intel+Mac+OS+X+10_15_7%29+AppleWebKit%2F537.36+%28KHTML%2C+like+Gecko%29+Chrome%2F147.0.0.0+Safari%2F537.36&_via_ip=149.107.34.197&_lg=en-GB%2Cen-US%3Bq%3D0.9%2Cen%3Bq%3D0.8&_dr=https%3A%2F%2Fwww.panesgiaolous.gr%2Fwp-admin%2F&_dl=https%3A%2F%2Fwww.panesgiaolous.gr%2Fwp-admin%2Fthemes.php&_ut=anon&_ui=woo%3AkCoH87rkj4u6TEPQjjIn5fwb&url=https%3A%2F%2Fwww.panesgiaolous.gr&blog_lang=el&blog_id=0&store_id=fbff18a4-8e2b-4867-8dbf-3eb57582e2fb&products_count=1629&wc_version=10.7.0&role=administrator&can_install_plugins=1&can_activate_plugins=1&can_manage_woocommerce=1&browser_type=php-agent&_rt=1777793858980&_=_:0
[  142198ms] [ERROR] Failed to load resource: net::ERR_CONNECTION_REFUSED @ https://pixel.wp.com/t.gif?coming_soon=no&_en=wcadmin_appearance_theme_view&_ts=1777793858628&_via_ua=Mozilla%2F5.0+%28Macintosh%3B+Intel+Mac+OS+X+10_15_7%29+AppleWebKit%2F537.36+%28KHTML%2C+like+Gecko%29+Chrome%2F147.0.0.0+Safari%2F537.36&_via_ip=149.107.34.197&_lg=en-GB%2Cen-US%3Bq%3D0.9%2Cen%3Bq%3D0.8&_dr=https%3A%2F%2Fwww.panesgiaolous.gr%2Fwp-admin%2F&_dl=https%3A%2F%2Fwww.panesgiaolous.gr%2Fwp-admin%2Fthemes.php&_ut=anon&_ui=woo%3AkCoH87rkj4u6TEPQjjIn5fwb&url=https%3A%2F%2Fwww.panesgiaolous.gr&blog_lang=el&blog_id=0&store_id=fbff18a4-8e2b-4867-8dbf-3eb57582e2fb&products_count=1629&wc_version=10.7.0&role=administrator&can_install_plugins=1&can_activate_plugins=1&can_manage_woocommerce=1&browser_type=php-agent&_rt=1777793858980&_=_:0
[  142383ms] [WARNING] Email input element not found. @ https://www.panesgiaolous.gr/wp-admin/themes.php:1527
[  146355ms] [ERROR] Failed to load resource: net::ERR_CONNECTION_REFUSED @ https://stats.wp.com/w.js?ver=202618:0
[  146400ms] [LOG] JQMIGRATE: Migrate is installed, version 3.4.1 @ https://www.panesgiaolous.gr/wp-includes/js/jquery/jquery-migrate.min.js?ver=3.4.1:1
[  146591ms] [WARNING] Email input element not found. @ https://www.panesgiaolous.gr/wp-admin/widgets.php:8697
[ 4413295ms] [ERROR] Failed to load resource: net::ERR_CONNECTION_REFUSED @ https://stats.wp.com/w.js?ver=202618:0
[ 4413379ms] [LOG] JQMIGRATE: Migrate is installed, version 3.4.1 @ https://www.panesgiaolous.gr/wp-includes/js/jquery/jquery-migrate.min.js?ver=3.4.1:1
[ 4413519ms] [WARNING] Email input element not found. @ https://www.panesgiaolous.gr/wp-admin/edit.php?post_type=page:3022
[ 4425110ms] [ERROR] Failed to load resource: net::ERR_CONNECTION_REFUSED @ https://stats.wp.com/w.js?ver=202618:0
[ 4425112ms] [LOG] JQMIGRATE: Migrate is installed, version 3.4.1 @ https://www.panesgiaolous.gr/wp-includes/js/jquery/jquery-migrate.min.js?ver=3.4.1:1
[ 4425241ms] [WARNING] Email input element not found. @ https://www.panesgiaolous.gr/wp-admin/edit.php?post_type=page&paged=2:2609
[ 4430147ms] [ERROR] Failed to load resource: net::ERR_CONNECTION_REFUSED @ https://stats.wp.com/w.js?ver=202618:0
[ 4430333ms] [LOG] JQMIGRATE: Migrate is installed, version 3.4.1 @ https://www.panesgiaolous.gr/wp-includes/js/jquery/jquery-migrate.min.js?ver=3.4.1:1
[ 4430653ms] [WARNING] Email input element not found. @ https://www.panesgiaolous.gr/wp-admin/post.php?post=1871666&action=edit:2889
[ 5501240ms] [ERROR] Failed to load resource: net::ERR_CONNECTION_REFUSED @ https://stats.wp.com/w.js?ver=202618:0
[ 5501244ms] [LOG] JQMIGRATE: Migrate is installed, version 3.4.1 @ https://www.panesgiaolous.gr/wp-includes/js/jquery/jquery-migrate.min.js?ver=3.4.1:1
[ 5501636ms] [WARNING] Email input element not found. @ https://www.panesgiaolous.gr/wp-admin/post.php?post=1871666&action=edit:2902
[ 5898701ms] [ERROR] Failed to load resource: net::ERR_CONNECTION_REFUSED @ https://stats.wp.com/w.js?ver=202618:0
[ 5898703ms] [LOG] JQMIGRATE: Migrate is installed, version 3.4.1 @ https://www.panesgiaolous.gr/wp-includes/js/jquery/jquery-migrate.min.js?ver=3.4.1:1
[ 5898982ms] [WARNING] Email input element not found. @ https://www.panesgiaolous.gr/wp-admin/edit.php?post_type=woodmart_layout:2008
[ 5904831ms] [ERROR] Failed to load resource: net::ERR_CONNECTION_REFUSED @ https://stats.wp.com/w.js?ver=202618:0
[ 5904834ms] [LOG] JQMIGRATE: Migrate is installed, version 3.4.1 @ https://www.panesgiaolous.gr/wp-includes/js/jquery/jquery-migrate.min.js?ver=3.4.1:1
[ 5904965ms] [WARNING] Email input element not found. @ https://www.panesgiaolous.gr/wp-admin/edit.php?post_type=page:3028
[ 5932617ms] [ERROR] Failed to load resource: net::ERR_CONNECTION_REFUSED @ https://stats.wp.com/w.js?ver=202618:0
[ 5932738ms] [LOG] JQMIGRATE: Migrate is installed, version 3.4.1 @ https://www.panesgiaolous.gr/wp-includes/js/jquery/jquery-migrate.min.js?ver=3.4.1:1
[ 5932948ms] [WARNING] Email input element not found. @ https://www.panesgiaolous.gr/wp-admin/admin.php?page=xts_theme_settings:29257
[ 6013998ms] [ERROR] Failed to load resource: net::ERR_CONNECTION_REFUSED @ https://stats.wp.com/w.js?ver=202618:0
[ 6014075ms] [LOG] JQMIGRATE: Migrate is installed, version 3.4.1 @ https://www.panesgiaolous.gr/wp-includes/js/jquery/jquery-migrate.min.js?ver=3.4.1:1
[ 6014268ms] [WARNING] ⚠️ React Router Future Flag Warning: React Router will begin wrapping state updates in `React.startTransition` in v7. You can use the `v7_startTransition` future flag to opt-in early. For more information, see https://reactrouter.com/v6/upgrading/future#v7_starttransition. @ https://www.panesgiaolous.gr/wp-content/themes/woodmart/inc/admin/assets/js/builder.js?ver=8.3.9:1
[ 6014268ms] [WARNING] ⚠️ React Router Future Flag Warning: Relative route resolution within Splat routes is changing in v7. You can use the `v7_relativeSplatPath` future flag to opt-in early. For more information, see https://reactrouter.com/v6/upgrading/future#v7_relativesplatpath. @ https://www.panesgiaolous.gr/wp-content/themes/woodmart/inc/admin/assets/js/builder.js?ver=8.3.9:1
[ 6014282ms] [WARNING] Email input element not found. @ https://www.panesgiaolous.gr/wp-admin/admin.php?page=xts_header_builder:1377
[ 6028523ms] [ERROR] Failed to load resource: net::ERR_CONNECTION_REFUSED @ https://stats.wp.com/w.js?ver=202618:0
[ 6028526ms] [LOG] JQMIGRATE: Migrate is installed, version 3.4.1 @ https://www.panesgiaolous.gr/wp-includes/js/jquery/jquery-migrate.min.js?ver=3.4.1:1
[ 6028735ms] [WARNING] Email input element not found. @ https://www.panesgiaolous.gr/wp-admin/admin.php?page=xts_theme_settings:29257
[ 6064220ms] [ERROR] Failed to load resource: net::ERR_CONNECTION_REFUSED @ https://stats.wp.com/w.js?ver=202618:0
[ 6064221ms] [LOG] JQMIGRATE: Migrate is installed, version 3.4.1 @ https://www.panesgiaolous.gr/wp-includes/js/jquery/jquery-migrate.min.js?ver=3.4.1:1
[ 6064410ms] [WARNING] Email input element not found. @ https://www.panesgiaolous.gr/wp-admin/widgets.php:8704
